/Users/scep/.local/pipx/venvs/semgrep/lib/python3.9/site-packages/urllib3/__init__.py:35: NotOpenSSLWarning: urllib3 v2 only supports OpenSSL 1.1.1+, currently the 'ssl' module is compiled with 'LibreSSL 2.8.3'. See: https://github.com/urllib3/urllib3/issues/3020
  warnings.warn(
               
               
┌─────────────┐
│ Scan Status │
└─────────────┘
  Scanning 10 files tracked by git with 7 Code rules:
                                                                                                                        
  Language     Rules   Files          Origin      Rules                                                                 
 ────────────────────────────        ───────────────────                                                                
  yaml             1       6          Community       7                                                                 
  dockerfile       6       4                                                                                            
                                                                                                                        
                
                
┌──────────────┐
│ Scan Summary │
└──────────────┘
✅ Scan completed successfully.
 • Findings: 0 (0 blocking)
 • Rules run: 6
 • Targets scanned: 6
 • Parsed lines: ~100.0%
 • No ignore information available
Ran 6 rules on 6 files: 0 findings.
(need more rules? `semgrep login` for additional free Semgrep Registry rules)


A new version of Semgrep is available. See https://semgrep.dev/docs/upgrading
If Semgrep missed a finding, please send us feedback to let us know!
See https://semgrep.dev/docs/reporting-false-negatives/
